
> react-typescript-starter@0.1.0 test
> react-scripts test --coverage

Browserslist: caniuse-lite is outdated. Please run:
  npx browserslist@latest --update-db
  Why you should do it regularly: https://github.com/browserslist/browserslist#browsers-data-updating
PASS src/nested.test.ts
PASS src/arrays.test.ts
PASS src/objects.test.ts
PASS src/components/StartAttempt.test.tsx
PASS src/components/TwoDice.test.tsx
PASS src/functions.test.ts
PASS src/components/ChangeType.test.tsx
PASS src/components/CycleHoliday.test.tsx
PASS src/components/Counter.test.tsx
PASS src/components/RevealAnswer.test.tsx
PASS src/App.test.tsx
-----------------------|---------|----------|---------|---------|-------------------
File                   | % Stmts | % Branch | % Funcs | % Lines | Uncovered Line #s 
-----------------------|---------|----------|---------|---------|-------------------
All files              |   96.89 |      100 |      94 |   96.66 |                   
 src                   |   95.97 |      100 |    92.5 |   95.62 |                   
  App.tsx              |     100 |      100 |     100 |     100 |                   
  App_BACKUP_67264.tsx |       0 |      100 |       0 |       0 | 13-41             
  App_BASE_67264.tsx   |       0 |      100 |       0 |       0 | 5                 
  App_LOCAL_67264.tsx  |       0 |      100 |       0 |       0 | 7-35              
  App_REMOTE_67264.tsx |       0 |      100 |       0 |       0 | 11                
  arrays.ts            |     100 |      100 |     100 |     100 |                   
  functions.ts         |     100 |      100 |     100 |     100 |                   
  nested.ts            |     100 |      100 |     100 |     100 |                   
  objects.ts           |     100 |      100 |     100 |     100 |                   
 src/components        |     100 |      100 |     100 |     100 |                   
  ChangeType.tsx       |     100 |      100 |     100 |     100 |                   
  Counter.tsx          |     100 |      100 |     100 |     100 |                   
  CycleHoliday.tsx     |     100 |      100 |     100 |     100 |                   
  RevealAnswer.tsx     |     100 |      100 |     100 |     100 |                   
  StartAttempt.tsx     |     100 |      100 |     100 |     100 |                   
  TwoDice.tsx          |     100 |      100 |     100 |     100 |                   
 src/interfaces        |       0 |        0 |       0 |       0 |                   
  answer.ts            |       0 |        0 |       0 |       0 |                   
  question.ts          |       0 |        0 |       0 |       0 |                   
-----------------------|---------|----------|---------|---------|-------------------

Test Suites: 11 passed, 11 total
Tests:       93 passed, 93 total
Snapshots:   0 total
Time:        7.73 s
Ran all test suites.
